<testsuites name="jest tests" tests="14" failures="0" time="1.11">
  <testsuite name="undefined" errors="0" failures="0" skipped="0" timestamp="2021-05-02T09:17:16" time="1.11" tests="14">
    <testcase classname=" should create the Teams and Channels listing app which contains the teams" name=" should create the Teams and Channels listing app which contains the teams" time="0.032">
    </testcase>
    <testcase classname=" teams and channel list should display first team by default along with required inputs and button" name=" teams and channel list should display first team by default along with required inputs and button" time="0.01">
    </testcase>
    <testcase classname=" teams and channel list should display first channel in team by default along with required buttons" name=" teams and channel list should display first channel in team by default along with required buttons" time="0.008">
    </testcase>
    <testcase classname=" Add Team section should exist and add button should be disabled initially" name=" Add Team section should exist and add button should be disabled initially" time="0.008">
    </testcase>
    <testcase classname=" Add Team button should not be enabled if data entered in input is empty or numeric" name=" Add Team button should not be enabled if data entered in input is empty or numeric" time="0.012">
    </testcase>
    <testcase classname=" Add Team button should be enabled if data entered in input is correct and clicking on button should add it to the list of teams" name=" Add Team button should be enabled if data entered in input is correct and clicking on button should add it to the list of teams" time="0.015">
    </testcase>
    <testcase classname=" it should display correct channels name along with remove button" name=" it should display correct channels name along with remove button" time="0.007">
    </testcase>
    <testcase classname=" Add Channel button should exist and should be disabled initially" name=" Add Channel button should exist and should be disabled initially" time="0.006">
    </testcase>
    <testcase classname=" Add Channel button should not be enabled if data entered in input is empty or numeric" name=" Add Channel button should not be enabled if data entered in input is empty or numeric" time="0.007">
    </testcase>
    <testcase classname=" Add Channel button should be enabled if data entered in input is correct and clicking on button should add the channel to the existing list" name=" Add Channel button should be enabled if data entered in input is correct and clicking on button should add the channel to the existing list" time="0.009">
    </testcase>
    <testcase classname=" Clicking on remove button should remove the channel from the list" name=" Clicking on remove button should remove the channel from the list" time="0.009">
    </testcase>
    <testcase classname=" Clicking on sort button once list the channels in ascending order of names" name=" Clicking on sort button once list the channels in ascending order of names" time="0.012">
    </testcase>
    <testcase classname=" Clicking on sort button twice list the channels in descending order of names" name=" Clicking on sort button twice list the channels in descending order of names" time="0.009">
    </testcase>
    <testcase classname=" Clicking on sort button thrice list the channels according to creation order" name=" Clicking on sort button thrice list the channels according to creation order" time="0.011">
    </testcase>
  </testsuite>
</testsuites>